> no such key

> ok

> [18 29 3]

> ok

> [18 29 3 1 2 3]

> ok

> ok

> ok

> c [1 b 2]
b [1 20 3]
a [18 29 3 1 2 3 c]

> b, c

> nil

> b

> nil

> a, c

> a

> bye
