> ok

> ok

> ok

> ok

> ok

> e [4 d]
d [3 c]
c [2 b]
b [1 a]
a []

> 0

> 1

> 2

> 3

> 4

> 1

> e [4 d]
d [3 c]
c [2 b]
b [a]
a []

> 0

> 0

> 1

> 2

> 3

> ok

> ok

> e [4 d]
d [3 c]
c [2 b]
b [a 2]
a [5 4 3 2 1]

> 5

> 6

> 7

> 8

> 9

> 5

> ok

> e [4 d]
d [3 c]
c [2 b]
b [a 2 a]
a [4 3 2 1]

> 4

> 9

> 10

> 11

> 12

> bye
