> no such key

> ok

> [1 2 3]

> 3

> ok

> 6

> 1

> 5

> 2

> 3

> 4

> 5

> 6

> []

> 0

> bye
