> ok

> a [1000]

> ok

> b [a 20 3999]
a [1000]

> 1000

> 3999

> ok

> ok

> d [99999999]
c [2000]
b [a 20 3999]
a [1000]

> ok

> d [99999999]
c [2000 b]
b [a 20 3999]
a [1000]

> 1000

> 3999

> 3999

> 99999999

> ok

> ok

> ok

> ok

> d [1000]
c [1 d]
b [2 c]
a [b 999]

> 1000

> 1000

> 1000

> 1000

> bye
