> no such key

> ok

> []

> empty entry

> ok

> [28]

> 28

> ok

> [-1999 2993 200 123456789 0]

> 123456789

> ok

> [-10 -10 -10]

> -10

> bye
