> no such key

> ok

> []

> empty entry

> ok

> [0]

> 0

> ok

> [-1000 100 -1000 20 28 1000 -999]

> -1000

> bye
