> ok

> [0]

> ok

> [a 19]

> 0

> 0

> ok

> [-1000]

> ok

> [a 19 c]

> 0

> -1000

> -1000

> ok

> [-2000]

> ok

> [d -1000]

> d [-2000]
c [d -1000]
b [a 19 c]
a [0]

> 0

> -2000

> -2000

> -2000

> bye
