> no such key

> ok

> ok

> index out of range

> 2

> 5

> [1 3]

> [4 6]

> ok

> b [4 6]
a [b 1 3]

> b

> b [4 6]
a [1 3]

> bye
