> ok

> ok

> [19 19 20 30]

> ok

> no such key

> ok

> [20101]

> ok

> no such key

> ok

> ok

> ok

> dang [2305 39 1]
oh [1 2 3]
wow [10]

> dang
oh
wow

> ok

> ok

> ok

> bye
