> no such key

> ok

> [10 20 304 55]

> ok

> [-10000 10 20 304 55]

> -10000

> 10

> 20

> 304

> 55

> ok

> ok

> ok

> ok

> jelly [jam 29]
jam [0]

> bye
