> no such key

> ok

> []

> ok

> []

> ok

> [1]

> ok

> [1]

> ok

> [1 2 3]

> ok

> [3 2 1]

> ok

> [4 3 2 1]

> ok

> [1 2 3 4]

> ok

> general

> Simple entry only

> bye
