> invalid key

> ok

> [1 2 3 4 5 6 7 8 9 10 11 12 13 14 15 16 17 18 19 20 21 22 23 24 25 26 27 28]

> ok

> [19 20 392]

> ok

> [0]

> ok

> [1]

> Aa [1]
aA [0]
AA [19 20 392]
aa [1 2 3 4 5 6 7 8 9 10 11 12 13 14 15 16 17 18 19 20 21 22 23 24 25 26 27 28]

> bye
