> no such key

> not permitted

> no such key

> no such key

> no such key

> ok

> []

> invalid key

> a []

> bye
