> no such key

> not permitted

> ok

> ok

> [2]

> [a]

> ok

> [a a]

> b [a a]
a [2]

> bye
