> ok

> ok

> [-29 1 7 8 10 39]

> ok

> [-29 1 7 8 10 39]

> ok

> [-29 1 7 8 10 39 7]

> ok

> [-29 1 7 7 8 10 39]

> 7

> ok

> [39 10 8 7 7 1 -29]

> ok

> [39 10 8 7 1 -29]

> 6

> ok

> ok

> [39 39 10 8 7 1 -29 -29]

> ok

> [-29 -29 1 7 8 10 39 39]

> ok

> [39 39 10 8 7 1 -29 -29]

> ok

> [39 10 8 7 1 -29]

> 39

> -29

> 39

> -29

> [10 8 7 1]

> 10

> 1

> bye
