> ok

> ok

> ok

> ok

> ok

> d [1]
e [1]
f [1]
g [1]
h [1]

> saved as snapshot 1

> ok

> ok

> b [d e 2]
c [f g 2]
d [1]
e [1]
f [1]
g [1]
h [1]

> saved as snapshot 2

> ok

> a [3 c b h 2]
b [d e 2]
c [f g 2]
d [1]
e [1]
f [1]
g [1]
h [1]

> saved as snapshot 3

> ok

> ok

> ok

> ok

> ok

> ok

> ok

> ok

> no entries

> ok

> b [d e 2]
c [f g 2]
d [1]
e [1]
f [1]
g [1]
h [1]

> not permitted

> not permitted

> not permitted

> not permitted

> not permitted

> not permitted

> not permitted

> ok

> b [d e 2]
c [f g 2]
d [1]
e [1]
f [1]
g [1]
h [1]

> ok

> b [d e 2]
c [f g 2]
d [1]
e [1]
f [1]
g [1]
h [1]

> ok

> a [3 c b h 2]
b [d e 2]
c [f g 2]
d [1]
e [1]
f [1]
g [1]
h [1]

> 1

> 1

> 1

> 1

> 1

> 4

> 4

> 14

> f

> a [3 c b h 2]
b [d e 2]
c [g 2]
d [1]
e [1]
f [1]
g [1]
h [1]

> b, c, d, e, g, h

> d, e

> g

> nil

> nil

> nil

> nil

> nil

> nil

> a

> a

> a, b

> a, b

> nil

> a, c

> a

> 1

> 1

> 1

> 1

> 1

> 3

> 4

> 13

> ok

> b [d e 2]
c [g 2]
d [1]
e [1]
f [1]
g [1]
h [1]

> ok

> 2
1

> ok

> ok

> ok

> d [1]
e [1]
f [1]
g [1]
h [1]

> ok

> d [1]
e [1]
f [1]
g [1]
h [1]

> ok

> 2
1

> d [1]
e [1]
f [1]
g [1]
h [1]

> bye
