> no such key

> ok

> []

> ok

> []

> ok

> [1]

> ok

> [1]

> ok

> [90 -1000 -20 1000 28 0]

> ok

> [-1000 -20 0 28 90 1000]

> ok

> [28 28 28 28 28 28]

> ok

> [28 28 28 28 28 28]

> bye
