> ok

> 0

> ok

> [1000 20 30 -10]

> 1040

> no such key

> bye
