> ok

> ok

> ok

> ok

> ok

> e [4 d]
d [3 c]
c [2 b]
b [1 a]
a []

> 0

> 1

> 3

> 6

> 10

> 1

> e [4 d]
d [3 c]
c [2 b]
b [a]
a []

> 0

> 0

> 2

> 5

> 9

> ok

> ok

> b

> e [4 d]
d [3 c]
c [2]
b [a 2]
a [10]

> 10

> 12

> 2

> 5

> 9

> bye
