> no such key

> ok

> simple

> ok

> ok

> ok

> [1 2 3 b]

> general

> b

> [1 2 3]

> simple

> ok

> [b 1 2 3]

> general

> b

> [1 2 3]

> simple

> bye
