> no such key

> ok

> []

> ok

> []

> ok

> [1]

> ok

> [1]

> ok

> [1 2 3]

> ok

> [1 2 3]

> ok

> [1 1 1]

> ok

> [1]

> ok

> [1 2 3 2 1]

> ok

> [1 2 3 2 1]

> ok

> [1 2 2 3 3 3 4 4 4 4 5 5 5 5 5]

> ok

> [1 2 3 4 5]

> ok

> [1 0 0 1 0 0 1]

> ok

> [1 0 1 0 1]

> bye
